19:46:54 **** Incremental Build of configuration Debug for project Sterowanie_MCU ****
make -j12 all 
arm-none-eabi-gcc "../Core/Src/A4988_Drive.c" -mcpu=cortex-m7 -std=gnu11 -g3 -DDEBUG -DUSE_HAL_DRIVER -DSTM32F746xx -c -I../Core/Inc -I../Drivers/STM32F7xx_HAL_Driver/Inc -I../Drivers/STM32F7xx_HAL_Driver/Inc/Legacy -I../Drivers/CMSIS/Device/ST/STM32F7xx/Include -I../Drivers/CMSIS/Include -O0 -ffunction-sections -fdata-sections -Wall -fstack-usage -MMD -MP -MF"Core/Src/A4988_Drive.d" -MT"Core/Src/A4988_Drive.o" --specs=nano.specs -mfpu=fpv5-sp-d16 -mfloat-abi=hard -mthumb -o "Core/Src/A4988_Drive.o"
arm-none-eabi-gcc "../Core/Src/main.c" -mcpu=cortex-m7 -std=gnu11 -g3 -DDEBUG -DUSE_HAL_DRIVER -DSTM32F746xx -c -I../Core/Inc -I../Drivers/STM32F7xx_HAL_Driver/Inc -I../Drivers/STM32F7xx_HAL_Driver/Inc/Legacy -I../Drivers/CMSIS/Device/ST/STM32F7xx/Include -I../Drivers/CMSIS/Include -O0 -ffunction-sections -fdata-sections -Wall -fstack-usage -MMD -MP -MF"Core/Src/main.d" -MT"Core/Src/main.o" --specs=nano.specs -mfpu=fpv5-sp-d16 -mfloat-abi=hard -mthumb -o "Core/Src/main.o"
arm-none-eabi-gcc -o "Sterowanie_MCU.elf" @"objects.list"   -mcpu=cortex-m7 -T"C:\Users\mgmil\Documents\Sterowanie_liniowym_silnikiem_korkowym\MCU\Sterowanie_MCU\STM32F746ZGTX_FLASH.ld" --specs=nosys.specs -Wl,-Map="Sterowanie_MCU.map" -Wl,--gc-sections -static --specs=nano.specs -mfpu=fpv5-sp-d16 -mfloat-abi=hard -mthumb -Wl,--start-group -lc -lm -Wl,--end-group
Finished building target: Sterowanie_MCU.elf
 
arm-none-eabi-size   Sterowanie_MCU.elf 
arm-none-eabi-objdump -h -S  Sterowanie_MCU.elf  > "Sterowanie_MCU.list"
   text	   data	    bss	    dec	    hex	filename
  10820	     20	   1700	  12540	   30fc	Sterowanie_MCU.elf
Finished building: default.size.stdout
 
Finished building: Sterowanie_MCU.list
 

19:46:55 Build Finished. 0 errors, 0 warnings. (took 1s.2ms)

